<root><node1 att1="val1"/><node2 att2="val2"/><node3 att3="val3"/><node4 att4="val4"/><node5 att5="val5"/><node6 att6="val6"/><node7 att7="val7"/><node8 att8="val8"/><node9 att9="val9"/><node10 att10="val10"/><node11 att11="val11"/><node12 att12="val12"/><node13 att13="val13"/><node14 att14="val14"/><node15 att15="val15"/><node16 att16="val16"/><node17 att17="val17"/><node18 att18="val18"/><node19 att19="val19"/><node20 att20="val20"/><node21 att21="val21"/><node22 att22="val22"/><node23 att23="val23"/><node24 att24="val24"/><node25 att25="val25"/><node26 att26="val26"/><node27 att27="val27"/><node28 att28="val28"/><node29 att29="val29"/><node30 att30="val30"/><node31 att31="val31"/><node32 att32="val32"/><node33 att33="val33"/><node34 att34="val34"/><node35 att35="val35"/><node36 att36="val36"/><node37 att37="val37"/><node38 att38="val38"/><node39 att39="val39"/><node40 att40="val40"/><node41 att41="val41"/><node42 att42="val42"/><node43 att43="val43"/><node44 att44="val44"/><node45 att45="val45"/><node46 att46="val46"/><node47 att47="val47"/><node48 att48="val48"/><node49 att49="val49"/><node50 att50="val50"/><node51 att51="val51"/><node52 att52="val52"/><node53 att53="val53"/><node54 att54="val54"/><node55 att55="val55"/><node56 att56="val56"/><node57 att57="val57"/><node58 att58="val58"/><node59 att59="val59"/><node60 att60="val60"/><node61 att61="val61"/><node62 att62="val62"/><node63 att63="val63"/><node64 att64="val64"/><node65 att65="val65"/><node66 att66="val66"/><node67 att67="val67"/><node68 att68="val68"/><node69 att69="val69"/><node70 att70="val70"/><node71 att71="val71"/><node72 att72="val72"/><node73 att73="val73"/><node74 att74="val74"/><node75 att75="val75"/><node76 att76="val76"/><node77 att77="val77"/><node78 att78="val78"/><node79 att79="val79"/><node80 att80="val80"/><node81 att81="val81"/><node82 att82="val82"/><node83 att83="val83"/><node84 att84="val84"/><node85 att85="val85"/><node86 att86="val86"/><node87 att87="val87"/><node88 att88="val88"/><node89 att89="val89"/><node90 att90="val90"/><node91 att91="val91"/><node92 att92="val92"/><node93 att93="val93"/><node94 att94="val94"/><node95 att95="val95"/><node96 att96="val96"/><node97 att97="val97"/><node98 att98="val98"/><node99 att99="val99"/><node100 att100="val100"/><node101 att101="val101"/><node102 att102="val102"/><node103 att103="val103"/><node104 att104="val104"/><node105 att105="val105"/><node106 att106="val106"/><node107 att107="val107"/><node108 att108="val108"/><node109 att109="val109"/><node110 att110="val110"/><node111 att111="val111"/><node112 att112="val112"/><node113 att113="val113"/><node114 att114="val114"/><node115 att115="val115"/><node116 att116="val116"/><node117 att117="val117"/><node118 att118="val118"/><node119 att119="val119"/><node120 att120="val120"/><node121 att121="val121"/><node122 att122="val122"/><node123 att123="val123"/><node124 att124="val124"/><node125 att125="val125"/><node126 att126="val126"/><node127 att127="val127"/><node128 att128="val128"/><node129 att129="val129"/><node130 att130="val130"/><node131 att131="val131"/><node132 att132="val132"/><node133 att133="val133"/><node134 att134="val134"/><node135 att135="val135"/><node136 att136="val136"/><node137 att137="val137"/><node138 att138="val138"/><node139 att139="val139"/><node140 att140="val140"/><node141 att141="val141"/><node142 att142="val142"/><node143 att143="val143"/><node144 att144="val144"/><node145 att145="val145"/><node146 att146="val146"/><node147 att147="val147"/><node148 att148="val148"/><node149 att149="val149"/><node150 att150="val150"/><node151 att151="val151"/><node152 att152="val152"/><node153 att153="val153"/><node154 att154="val154"/><node155 att155="val155"/><node156 att156="val156"/><node157 att157="val157"/><node158 att158="val158"/><node159 att159="val159"/><node160 att160="val160"/><node161 att161="val161"/><node162 att162="val162"/><node163 att163="val163"/><node164 att164="val164"/><node165 att165="val165"/><node166 att166="val166"/><node167 att167="val167"/><node168 att168="val168"/><node169 att169="val169"/><node170 att170="val170"/><node171 att171="val171"/><node172 att172="val172"/><node173 att173="val173"/><node174 att174="val174"/><node175 att175="val175"/><node176 att176="val176"/><node177 att177="val177"/><node178 att178="val178"/><node179 att179="val179"/><node180 att180="val180"/><node181 att181="val181"/><node182 att182="val182"/><node183 att183="val183"/><node184 att184="val184"/><node185 att185="val185"/><node186 att186="val186"/><node187 att187="val187"/><node188 att188="val188"/><node189 att189="val189"/><node190 att190="val190"/><node191 att191="val191"/><node192 att192="val192"/><node193 att193="val193"/><node194 att194="val194"/><node195 att195="val195"/><node196 att196="val196"/><node197 att197="val197"/><node198 att198="val198"/><node199 att199="val199"/><node200 att200="val200"/><node201 att201="val201"/><node202 att202="val202"/><node203 att203="val203"/><node204 att204="val204"/><node205 att205="val205"/><node206 att206="val206"/><node207 att207="val207"/><node208 att208="val208"/><node209 att209="val209"/><node210 att210="val210"/><node211 att211="val211"/><node212 att212="val212"/><node213 att213="val213"/><node214 att214="val214"/><node215 att215="val215"/><node216 att216="val216"/><node217 att217="val217"/><node218 att218="val218"/><node219 att219="val219"/><node220 att220="val220"/><node221 att221="val221"/><node222 att222="val222"/><node223 att223="val223"/><node224 att224="val224"/><node225 att225="val225"/><node226 att226="val226"/><node227 att227="val227"/><node228 att228="val228"/><node229 att229="val229"/><node230 att230="val230"/><node231 att231="val231"/><node232 att232="val232"/><node233 att233="val233"/><node234 att234="val234"/><node235 att235="val235"/><node236 att236="val236"/><node237 att237="val237"/><node238 att238="val238"/><node239 att239="val239"/><node240 att240="val240"/><node241 att241="val241"/><node242 att242="val242"/><node243 att243="val243"/><node244 att244="val244"/><node245 att245="val245"/><node246 att246="val246"/><node247 att247="val247"/><node248 att248="val248"/><node249 att249="val249"/><node250 att250="val250"/><node251 att251="val251"/><node252 att252="val252"/><node253 att253="val253"/><node254 att254="val254"/><node255 att255="val255"/><node256 att256="val256"/><node257 att257="val257"/><node258 att258="val258"/><node259 att259="val259"/><node260 att260="val260"/><node261 att261="val261"/><node262 att262="val262"/><node263 att263="val263"/><node264 att264="val264"/><node265 att265="val265"/><node266 att266="val266"/><node267 att267="val267"/><node268 att268="val268"/><node269 att269="val269"/><node270 att270="val270"/><node271 att271="val271"/><node272 att272="val272"/><node273 att273="val273"/><node274 att274="val274"/><node275 att275="val275"/><node276 att276="val276"/><node277 att277="val277"/><node278 att278="val278"/><node279 att279="val279"/><node280 att280="val280"/><node281 att281="val281"/><node282 att282="val282"/><node283 att283="val283"/><node284 att284="val284"/><node285 att285="val285"/><node286 att286="val286"/><node287 att287="val287"/><node288 att288="val288"/><node289 att289="val289"/><node290 att290="val290"/><node291 att291="val291"/><node292 att292="val292"/><node293 att293="val293"/><node294 att294="val294"/><node295 att295="val295"/><node296 att296="val296"/><node297 att297="val297"/><node298 att298="val298"/><node299 att299="val299"/><node300 att300="val300"/><node301 att301="val301"/><node302 att302="val302"/><node303 att303="val303"/><node304 att304="val304"/><node305 att305="val305"/><node306 att306="val306"/><node307 att307="val307"/><node308 att308="val308"/><node309 att309="val309"/><node310 att310="val310"/><node311 att311="val311"/><node312 att312="val312"/><node313 att313="val313"/><node314 att314="val314"/><node315 att315="val315"/><node316 att316="val316"/><node317 att317="val317"/><node318 att318="val318"/><node319 att319="val319"/><node320 att320="val320"/><node321 att321="val321"/><node322 att322="val322"/><node323 att323="val323"/><node324 att324="val324"/><node325 att325="val325"/><node326 att326="val326"/><node327 att327="val327"/><node328 att328="val328"/><node329 att329="val329"/><node330 att330="val330"/><node331 att331="val331"/><node332 att332="val332"/><node333 att333="val333"/><node334 att334="val334"/><node335 att335="val335"/><node336 att336="val336"/><node337 att337="val337"/><node338 att338="val338"/><node339 att339="val339"/><node340 att340="val340"/><node341 att341="val341"/><node342 att342="val342"/><node343 att343="val343"/><node344 att344="val344"/><node345 att345="val345"/><node346 att346="val346"/><node347 att347="val347"/><node348 att348="val348"/><node349 att349="val349"/><node350 att350="val350"/><node351 att351="val351"/><node352 att352="val352"/><node353 att353="val353"/><node354 att354="val354"/><node355 att355="val355"/><node356 att356="val356"/><node357 att357="val357"/><node358 att358="val358"/><node359 att359="val359"/><node360 att360="val360"/><node361 att361="val361"/><node362 att362="val362"/><node363 att363="val363"/><node364 att364="val364"/><node365 att365="val365"/><node366 att366="val366"/><node367 att367="val367"/><node368 att368="val368"/><node369 att369="val369"/><node370 att370="val370"/><node371 att371="val371"/><node372 att372="val372"/><node373 att373="val373"/><node374 att374="val374"/><node375 att375="val375"/><node376 att376="val376"/><node377 att377="val377"/><node378 att378="val378"/><node379 att379="val379"/><node380 att380="val380"/><node381 att381="val381"/><node382 att382="val382"/><node383 att383="val383"/><node384 att384="val384"/><node385 att385="val385"/><node386 att386="val386"/><node387 att387="val387"/><node388 att388="val388"/><node389 att389="val389"/><node390 att390="val390"/><node391 att391="val391"/><node392 att392="val392"/><node393 att393="val393"/><node394 att394="val394"/><node395 att395="val395"/><node396 att396="val396"/><node397 att397="val397"/><node398 att398="val398"/><node399 att399="val399"/><node400 att400="val400"/><node401 att401="val401"/><node402 att402="val402"/><node403 att403="val403"/><node404 att404="val404"/><node405 att405="val405"/><node406 att406="val406"/><node407 att407="val407"/><node408 att408="val408"/><node409 att409="val409"/><node410 att410="val410"/><node411 att411="val411"/><node412 att412="val412"/><node413 att413="val413"/><node414 att414="val414"/><node415 att415="val415"/><node416 att416="val416"/><node417 att417="val417"/><node418 att418="val418"/><node419 att419="val419"/><node420 att420="val420"/><node421 att421="val421"/><node422 att422="val422"/><node423 att423="val423"/><node424 att424="val424"/><node425 att425="val425"/><node426 att426="val426"/><node427 att427="val427"/><node428 att428="val428"/><node429 att429="val429"/><node430 att430="val430"/><node431 att431="val431"/><node432 att432="val432"/><node433 att433="val433"/><node434 att434="val434"/><node435 att435="val435"/><node436 att436="val436"/><node437 att437="val437"/><node438 att438="val438"/><node439 att439="val439"/><node440 att440="val440"/><node441 att441="val441"/><node442 att442="val442"/><node443 att443="val443"/><node444 att444="val444"/><node445 att445="val445"/><node446 att446="val446"/><node447 att447="val447"/><node448 att448="val448"/><node449 att449="val449"/><node450 att450="val450"/><node451 att451="val451"/><node452 att452="val452"/><node453 att453="val453"/><node454 att454="val454"/><node455 att455="val455"/><node456 att456="val456"/><node457 att457="val457"/><node458 att458="val458"/><node459 att459="val459"/><node460 att460="val460"/><node461 att461="val461"/><node462 att462="val462"/><node463 att463="val463"/><node464 att464="val464"/><node465 att465="val465"/><node466 att466="val466"/><node467 att467="val467"/><node468 att468="val468"/><node469 att469="val469"/><node470 att470="val470"/><node471 att471="val471"/><node472 att472="val472"/><node473 att473="val473"/><node474 att474="val474"/><node475 att475="val475"/><node476 att476="val476"/><node477 att477="val477"/><node478 att478="val478"/><node479 att479="val479"/><node480 att480="val480"/><node481 att481="val481"/><node482 att482="val482"/><node483 att483="val483"/><node484 att484="val484"/><node485 att485="val485"/><node486 att486="val486"/><node487 att487="val487"/><node488 att488="val488"/><node489 att489="val489"/><node490 att490="val490"/><node491 att491="val491"/><node492 att492="val492"/><node493 att493="val493"/><node494 att494="val494"/><node495 att495="val495"/><node496 att496="val496"/><node497 att497="val497"/><node498 att498="val498"/><node499 att499="val499"/><node500 att500="val500"/><node501 att501="val501"/><node502 att502="val502"/><node503 att503="val503"/><node504 att504="val504"/><node505 att505="val505"/><node506 att506="val506"/><node507 att507="val507"/><node508 att508="val508"/><node509 att509="val509"/><node510 att510="val510"/><node511 att511="val511"/><node512 att512="val512"/><node513 att513="val513"/><node514 att514="val514"/><node515 att515="val515"/><node516 att516="val516"/><node517 att517="val517"/><node518 att518="val518"/><node519 att519="val519"/><node520 att520="val520"/><node521 att521="val521"/><node522 att522="val522"/><node523 att523="val523"/><node524 att524="val524"/><node525 att525="val525"/><node526 att526="val526"/><node527 att527="val527"/><node528 att528="val528"/><node529 att529="val529"/><node530 att530="val530"/><node531 att531="val531"/><node532 att532="val532"/><node533 att533="val533"/><node534 att534="val534"/><node535 att535="val535"/><node536 att536="val536"/><node537 att537="val537"/><node538 att538="val538"/><node539 att539="val539"/><node540 att540="val540"/><node541 att541="val541"/><node542 att542="val542"/><node543 att543="val543"/><node544 att544="val544"/><node545 att545="val545"/><node546 att546="val546"/><node547 att547="val547"/><node548 att548="val548"/><node549 att549="val549"/><node550 att550="val550"/><node551 att551="val551"/><node552 att552="val552"/><node553 att553="val553"/><node554 att554="val554"/><node555 att555="val555"/><node556 att556="val556"/><node557 att557="val557"/><node558 att558="val558"/><node559 att559="val559"/><node560 att560="val560"/><node561 att561="val561"/><node562 att562="val562"/><node563 att563="val563"/><node564 att564="val564"/><node565 att565="val565"/><node566 att566="val566"/><node567 att567="val567"/><node568 att568="val568"/><node569 att569="val569"/><node570 att570="val570"/><node571 att571="val571"/><node572 att572="val572"/><node573 att573="val573"/><node574 att574="val574"/><node575 att575="val575"/><node576 att576="val576"/><node577 att577="val577"/><node578 att578="val578"/><node579 att579="val579"/><node580 att580="val580"/><node581 att581="val581"/><node582 att582="val582"/><node583 att583="val583"/><node584 att584="val584"/><node585 att585="val585"/><node586 att586="val586"/><node587 att587="val587"/><node588 att588="val588"/><node589 att589="val589"/><node590 att590="val590"/><node591 att591="val591"/><node592 att592="val592"/><node593 att593="val593"/><node594 att594="val594"/><node595 att595="val595"/><node596 att596="val596"/><node597 att597="val597"/><node598 att598="val598"/><node599 att599="val599"/><node600 att600="val600"/><node601 att601="val601"/><node602 att602="val602"/><node603 att603="val603"/><node604 att604="val604"/><node605 att605="val605"/><node606 att606="val606"/><node607 att607="val607"/><node608 att608="val608"/><node609 att609="val609"/><node610 att610="val610"/><node611 att611="val611"/><node612 att612="val612"/><node613 att613="val613"/><node614 att614="val614"/><node615 att615="val615"/><node616 att616="val616"/><node617 att617="val617"/><node618 att618="val618"/><node619 att619="val619"/><node620 att620="val620"/><node621 att621="val621"/><node622 att622="val622"/><node623 att623="val623"/><node624 att624="val624"/><node625 att625="val625"/><node626 att626="val626"/><node627 att627="val627"/><node628 att628="val628"/><node629 att629="val629"/><node630 att630="val630"/><node631 att631="val631"/><node632 att632="val632"/><node633 att633="val633"/><node634 att634="val634"/><node635 att635="val635"/><node636 att636="val636"/><node637 att637="val637"/><node638 att638="val638"/><node639 att639="val639"/><node640 att640="val640"/><node641 att641="val641"/><node642 att642="val642"/><node643 att643="val643"/><node644 att644="val644"/><node645 att645="val645"/><node646 att646="val646"/><node647 att647="val647"/><node648 att648="val648"/><node649 att649="val649"/><node650 att650="val650"/><node651 att651="val651"/><node652 att652="val652"/><node653 att653="val653"/><node654 att654="val654"/><node655 att655="val655"/><node656 att656="val656"/><node657 att657="val657"/><node658 att658="val658"/><node659 att659="val659"/><node660 att660="val660"/><node661 att661="val661"/><node662 att662="val662"/><node663 att663="val663"/><node664 att664="val664"/><node665 att665="val665"/><node666 att666="val666"/><node667 att667="val667"/><node668 att668="val668"/><node669 att669="val669"/><node670 att670="val670"/><node671 att671="val671"/><node672 att672="val672"/><node673 att673="val673"/><node674 att674="val674"/><node675 att675="val675"/><node676 att676="val676"/><node677 att677="val677"/><node678 att678="val678"/><node679 att679="val679"/><node680 att680="val680"/><node681 att681="val681"/><node682 att682="val682"/><node683 att683="val683"/><node684 att684="val684"/><node685 att685="val685"/><node686 att686="val686"/><node687 att687="val687"/><node688 att688="val688"/><node689 att689="val689"/><node690 att690="val690"/><node691 att691="val691"/><node692 att692="val692"/><node693 att693="val693"/><node694 att694="val694"/><node695 att695="val695"/><node696 att696="val696"/><node697 att697="val697"/><node698 att698="val698"/><node699 att699="val699"/><node700 att700="val700"/><node701 att701="val701"/><node702 att702="val702"/><node703 att703="val703"/><node704 att704="val704"/><node705 att705="val705"/><node706 att706="val706"/><node707 att707="val707"/><node708 att708="val708"/><node709 att709="val709"/><node710 att710="val710"/><node711 att711="val711"/><node712 att712="val712"/><node713 att713="val713"/><node714 att714="val714"/><node715 att715="val715"/><node716 att716="val716"/><node717 att717="val717"/><node718 att718="val718"/><node719 att719="val719"/><node720 att720="val720"/><node721 att721="val721"/><node722 att722="val722"/><node723 att723="val723"/><node724 att724="val724"/><node725 att725="val725"/><node726 att726="val726"/><node727 att727="val727"/><node728 att728="val728"/><node729 att729="val729"/><node730 att730="val730"/><node731 att731="val731"/><node732 att732="val732"/><node733 att733="val733"/><node734 att734="val734"/><node735 att735="val735"/><node736 att736="val736"/><node737 att737="val737"/><node738 att738="val738"/><node739 att739="val739"/><node740 att740="val740"/><node741 att741="val741"/><node742 att742="val742"/><node743 att743="val743"/><node744 att744="val744"/><node745 att745="val745"/><node746 att746="val746"/><node747 att747="val747"/><node748 att748="val748"/><node749 att749="val749"/><node750 att750="val750"/><node751 att751="val751"/><node752 att752="val752"/><node753 att753="val753"/><node754 att754="val754"/><node755 att755="val755"/><node756 att756="val756"/><node757 att757="val757"/><node758 att758="val758"/><node759 att759="val759"/><node760 att760="val760"/><node761 att761="val761"/><node762 att762="val762"/><node763 att763="val763"/><node764 att764="val764"/><node765 att765="val765"/><node766 att766="val766"/><node767 att767="val767"/><node768 att768="val768"/><node769 att769="val769"/><node770 att770="val770"/><node771 att771="val771"/><node772 att772="val772"/><node773 att773="val773"/><node774 att774="val774"/><node775 att775="val775"/><node776 att776="val776"/><node777 att777="val777"/><node778 att778="val778"/><node779 att779="val779"/><node780 att780="val780"/><node781 att781="val781"/><node782 att782="val782"/><node783 att783="val783"/><node784 att784="val784"/><node785 att785="val785"/><node786 att786="val786"/><node787 att787="val787"/><node788 att788="val788"/><node789 att789="val789"/><node790 att790="val790"/><node791 att791="val791"/><node792 att792="val792"/><node793 att793="val793"/><node794 att794="val794"/><node795 att795="val795"/><node796 att796="val796"/><node797 att797="val797"/><node798 att798="val798"/><node799 att799="val799"/><node800 att800="val800"/><node801 att801="val801"/><node802 att802="val802"/><node803 att803="val803"/><node804 att804="val804"/><node805 att805="val805"/><node806 att806="val806"/><node807 att807="val807"/><node808 att808="val808"/><node809 att809="val809"/><node810 att810="val810"/><node811 att811="val811"/><node812 att812="val812"/><node813 att813="val813"/><node814 att814="val814"/><node815 att815="val815"/><node816 att816="val816"/><node817 att817="val817"/><node818 att818="val818"/><node819 att819="val819"/><node820 att820="val820"/><node821 att821="val821"/><node822 att822="val822"/><node823 att823="val823"/><node824 att824="val824"/><node825 att825="val825"/><node826 att826="val826"/><node827 att827="val827"/><node828 att828="val828"/><node829 att829="val829"/><node830 att830="val830"/><node831 att831="val831"/><node832 att832="val832"/><node833 att833="val833"/><node834 att834="val834"/><node835 att835="val835"/><node836 att836="val836"/><node837 att837="val837"/><node838 att838="val838"/><node839 att839="val839"/><node840 att840="val840"/><node841 att841="val841"/><node842 att842="val842"/><node843 att843="val843"/><node844 att844="val844"/><node845 att845="val845"/><node846 att846="val846"/><node847 att847="val847"/><node848 att848="val848"/><node849 att849="val849"/><node850 att850="val850"/><node851 att851="val851"/><node852 att852="val852"/><node853 att853="val853"/><node854 att854="val854"/><node855 att855="val855"/><node856 att856="val856"/><node857 att857="val857"/><node858 att858="val858"/><node859 att859="val859"/><node860 att860="val860"/><node861 att861="val861"/><node862 att862="val862"/><node863 att863="val863"/><node864 att864="val864"/><node865 att865="val865"/><node866 att866="val866"/><node867 att867="val867"/><node868 att868="val868"/><node869 att869="val869"/><node870 att870="val870"/><node871 att871="val871"/><node872 att872="val872"/><node873 att873="val873"/><node874 att874="val874"/><node875 att875="val875"/><node876 att876="val876"/><node877 att877="val877"/><node878 att878="val878"/><node879 att879="val879"/><node880 att880="val880"/><node881 att881="val881"/><node882 att882="val882"/><node883 att883="val883"/><node884 att884="val884"/><node885 att885="val885"/><node886 att886="val886"/><node887 att887="val887"/><node888 att888="val888"/><node889 att889="val889"/><node890 att890="val890"/><node891 att891="val891"/><node892 att892="val892"/><node893 att893="val893"/><node894 att894="val894"/><node895 att895="val895"/><node896 att896="val896"/><node897 att897="val897"/><node898 att898="val898"/><node899 att899="val899"/><node900 att900="val900"/><node901 att901="val901"/><node902 att902="val902"/><node903 att903="val903"/><node904 att904="val904"/><node905 att905="val905"/><node906 att906="val906"/><node907 att907="val907"/><node908 att908="val908"/><node909 att909="val909"/><node910 att910="val910"/><node911 att911="val911"/><node912 att912="val912"/><node913 att913="val913"/><node914 att914="val914"/><node915 att915="val915"/><node916 att916="val916"/><node917 att917="val917"/><node918 att918="val918"/><node919 att919="val919"/><node920 att920="val920"/><node921 att921="val921"/><node922 att922="val922"/><node923 att923="val923"/><node924 att924="val924"/><node925 att925="val925"/><node926 att926="val926"/><node927 att927="val927"/><node928 att928="val928"/><node929 att929="val929"/><node930 att930="val930"/><node931 att931="val931"/><node932 att932="val932"/><node933 att933="val933"/><node934 att934="val934"/><node935 att935="val935"/><node936 att936="val936"/><node937 att937="val937"/><node938 att938="val938"/><node939 att939="val939"/><node940 att940="val940"/><node941 att941="val941"/><node942 att942="val942"/><node943 att943="val943"/><node944 att944="val944"/><node945 att945="val945"/><node946 att946="val946"/><node947 att947="val947"/><node948 att948="val948"/><node949 att949="val949"/><node950 att950="val950"/><node951 att951="val951"/><node952 att952="val952"/><node953 att953="val953"/><node954 att954="val954"/><node955 att955="val955"/><node956 att956="val956"/><node957 att957="val957"/><node958 att958="val958"/><node959 att959="val959"/><node960 att960="val960"/><node961 att961="val961"/><node962 att962="val962"/><node963 att963="val963"/><node964 att964="val964"/><node965 att965="val965"/><node966 att966="val966"/><node967 att967="val967"/><node968 att968="val968"/><node969 att969="val969"/><node970 att970="val970"/><node971 att971="val971"/><node972 att972="val972"/><node973 att973="val973"/><node974 att974="val974"/><node975 att975="val975"/><node976 att976="val976"/><node977 att977="val977"/><node978 att978="val978"/><node979 att979="val979"/><node980 att980="val980"/><node981 att981="val981"/><node982 att982="val982"/><node983 att983="val983"/><node984 att984="val984"/><node985 att985="val985"/><node986 att986="val986"/><node987 att987="val987"/><node988 att988="val988"/><node989 att989="val989"/><node990 att990="val990"/><node991 att991="val991"/><node992 att992="val992"/><node993 att993="val993"/><node994 att994="val994"/><node995 att995="val995"/><node996 att996="val996"/><node997 att997="val997"/><node998 att998="val998"/><node999 att999="val999"/></root>